Renesas Optimizing Linker (W3.07.00 )             29-Oct-2025 11:58:56

*** Options ***

-subcommand=DefaultBuild\HostSample.clnk
-Input=DefaultBuild\rble_api_gap.obj
-Input=DefaultBuild\rble_api_gatt.obj
-Input=DefaultBuild\rble_api_sm.obj
-Input=DefaultBuild\rble_api_vs.obj
-Input=DefaultBuild\rble_host.obj
-Input=DefaultBuild\rble_if_api_cb.obj
-Input=DefaultBuild\rscip.obj
-Input=DefaultBuild\rscip_cntl.obj
-Input=DefaultBuild\rscip_uart.obj
-Input=DefaultBuild\scps.obj
-Input=DefaultBuild\app.obj
-Input=DefaultBuild\plf.obj
-Input=DefaultBuild\uart.obj
-Input=DefaultBuild\timer.obj
-Input=DefaultBuild\cstart.obj
-Input=DefaultBuild\stkinit.obj
-Input=DefaultBuild\r_cg_main.obj
-Input=DefaultBuild\r_cg_systeminit.obj
-Input=DefaultBuild\r_cg_cgc.obj
-Input=DefaultBuild\r_cg_cgc_user.obj
-Input=DefaultBuild\r_cg_port.obj
-Input=DefaultBuild\r_cg_port_user.obj
-Input=DefaultBuild\r_cg_it.obj
-Input=DefaultBuild\r_cg_it_user.obj
-Input=DefaultBuild\r_cg_12adc.obj
-Input=DefaultBuild\r_cg_12adc_user.obj
-Input=DefaultBuild\r_cg_sau.obj
-Input=DefaultBuild\r_cg_sau_user.obj
-Input=DefaultBuild\r_cg_lcd.obj
-Input=DefaultBuild\r_cg_lcd_user.obj
-Input=DefaultBuild\r_cg_intp.obj
-Input=DefaultBuild\r_cg_intp_user.obj
-Input=DefaultBuild\r_cg_tau.obj
-Input=DefaultBuild\r_cg_tau_user.obj
-SECURITY_ID=00000000000000000000
-DEVICE=C:\Program Files (x86)\Renesas Electronics\CS+\CC\Device\RL78\Devicefile\DR5F11MMF.DVF
-DEBug
-NOCOmpress
-NOOPtimize
-OUtput=DefaultBuild\HostSample.abs
-LIBrary=C:\Program Files (x86)\Renesas Electronics\CS+\CC\CC-RL\V1.15.01\lib\rl78em4s.lib
-LIBrary=C:\Program Files (x86)\Renesas Electronics\CS+\CC\CC-RL\V1.15.01\lib\malloc_n.lib
-LIBrary=C:\Program Files (x86)\Renesas Electronics\CS+\CC\CC-RL\V1.15.01\lib\rl78em4r.lib
-OCDBG=84
-DEBUG_MONITOR=17E00-17FFF
-USER_OPT_BYTE=EEFFE0
-ENTry=_start
-SPLIT_VECT
-LISt=DefaultBuild\HostSample.map
-SHow=ALL
-AUTO_SECTION_LAYOUT
-ROm=.data=.dataR
-ROm=.sdata=.sdataR
-NOMessage
-STACk
-Total_size
-NOLOgo
-end

*** Error information ***

*** Mapping List ***

SECTION                            START      END         SIZE   ALIGN
.vect0
                                  00000000  00000001         2   0
.vect2
                                  00000002  00000003         2   0
.constf
                                  00000002  00000002         0   2
.sdata
                                  00000002  00000002         0   2
.vect8
                                  00000008  00000009         2   0
.vect30
                                  0000001e  0000001f         2   0
.vect32
                                  00000020  00000021         2   0
.vect34
                                  00000022  00000023         2   0
.vect56
                                  00000038  00000039         2   0
.vect60
                                  0000003c  0000003d         2   0
.vect86
                                  00000056  00000057         2   0
.option_byte
                                  000000c0  000000c3         4   1
.security_id
                                  000000c4  000000cd         a   1
.monitor1
                                  000000ce  000000d7         a   1
.data
                                  000000d8  000001fd       126   2
.text
                                  000001fe  000005d2       3d5   1
.RLIB
                                  000005d3  0000095d       38b   1
.SLIB
                                  0000095e  000009ad        50   1
.const
                                  00003000  00003197       198   2
.textf
                                  00003198  00007502      436b   1
.monitor2
                                  00017e00  00017fff       200   1
.bss
                                  000fe900  000ffb03      1204   2
.dataR
                                  000ffb04  000ffc29       126   2
.sbss
                                  000ffe20  000ffe20         0   2
.sdataR
                                  000ffe20  000ffe20         0   2

*** Total Section Size ***

RAMDATA SECTION:  0000132a Byte(s)
ROMDATA SECTION:  000004e8 Byte(s)
PROGRAM SECTION:  00004b1b Byte(s)

*** Symbol List ***

SECTION=
FILE=                               START        END    SIZE
  SYMBOL                            ADDR        SIZE    INFO      COUNTS  OPT
    STRUCT                                      SIZE
      MEMBER                        ADDR        SIZE    INFO

SECTION=.vect0
FILE=rlink_generates_04
                                  00000000  00000001         2

SECTION=.vect2
FILE=rlink_generates_04
                                  00000002  00000003         2

SECTION=.vect8
FILE=rlink_generates_04
                                  00000008  00000009         2

SECTION=.vect30
FILE=rlink_generates_04
                                  0000001e  0000001f         2

SECTION=.vect32
FILE=rlink_generates_04
                                  00000020  00000021         2

SECTION=.vect34
FILE=rlink_generates_04
                                  00000022  00000023         2

SECTION=.vect56
FILE=rlink_generates_04
                                  00000038  00000039         2

SECTION=.vect60
FILE=rlink_generates_04
                                  0000003c  0000003d         2

SECTION=.vect86
FILE=rlink_generates_04
                                  00000056  00000057         2

SECTION=.option_byte
FILE=rlink_generates_01
                                  000000c0  000000c3         4

SECTION=.security_id
FILE=rlink_generates_03
                                  000000c4  000000cd         a

SECTION=.monitor1
FILE=rlink_generates_02
                                  000000ce  000000d7         a

SECTION=.data
FILE=DefaultBuild\rble_api_vs.obj
                                  000000d8  000000d9         2
FILE=DefaultBuild\scps.obj
                                  000000da  00000159        80
FILE=DefaultBuild\app.obj
                                  0000015a  000001f6        9d
FILE=DefaultBuild\r_cg_main.obj
                                  000001f8  000001f8         1
FILE=rand
                                  000001fa  000001fd         4

SECTION=.text
FILE=DefaultBuild\cstart.obj
                                  000001fe  00000250        53
  _start
                                  000001fe         0   entry,g         0
  _exit
                                  0000024f         0   none ,g         1
FILE=DefaultBuild\r_cg_it_user.obj
                                  00000251  0000047f       22f
  _r_it_interrupt@1
                                  00000251       22f   func ,l         0
FILE=DefaultBuild\r_cg_12adc_user.obj
                                  00000480  000004f6        77
  _r_12adc_interrupt@1
                                  00000480        77   func ,l         0
FILE=DefaultBuild\r_cg_sau_user.obj
                                  000004f7  00000584        8e
  _r_uart0_interrupt_receive@1
                                  000004f7        5f   func ,l         0
  _r_uart0_interrupt_send@1
                                  00000556        2f   func ,l         0
FILE=DefaultBuild\r_cg_intp_user.obj
                                  00000585  000005ce        4a
  _r_intc0_interrupt@1
                                  00000585        4a   func ,l         0
FILE=DefaultBuild\r_cg_tau_user.obj
                                  000005cf  000005d2         4
  _r_tau0_channel0_interrupt@1
                                  000005cf         2   func ,l         0
  _r_tau0_channel7_interrupt@1
                                  000005d1         2   func ,l         0

SECTION=.RLIB
FILE=memcpy
                                  000005d3  000005e2        10
  _memcpy
                                  000005d3         0   none ,g        4a
FILE=memset
                                  000005e3  000005f0         e
  _memset
                                  000005e3         0   none ,g        12
FILE=_COM_fdiv
                                  000005f1  0000071e       12e
  __COM_fdiv
                                  00000650         0   none ,g         6
FILE=_COM_fge
                                  0000071f  00000734        16
  __COM_fge
                                  0000071f         0   none ,g         2
FILE=_COM_fmul
                                  00000735  00000821        ed
  __COM_fmul
                                  00000780         0   none ,g         6
FILE=_COM_ftoul
                                  00000822  0000082d         c
  __COM_ftoul
                                  00000822         0   none ,g         2
FILE=_COM_funordered
                                  0000082e  00000838         b
  __COM_funordered
                                  0000082e         0   none ,g         2
FILE=_COM_ultof
                                  00000839  0000083e         6
  __COM_ultof
                                  00000839         0   none ,g         5
FILE=_REL_fcmp
                                  0000083f  00000876        38
  __REL_fcmp
                                  0000083f         0   none ,g         1
FILE=_REL_fordered_core
                                  00000877  00000892        1c
  __REL_fordered_core
                                  00000877         0   none ,g         2
FILE=_REL_ftol
                                  00000893  000008c7        35
  __REL_ftol
                                  00000893         0   none ,g         1
FILE=_REL_f_inf
                                  000008c8  000008cf         8
  __REL_f_inf
                                  000008c8         0   none ,g         4
FILE=_REL_f_norm
                                  000008d0  000008df        10
  __REL_f_norm
                                  000008d0         0   none ,g         3
FILE=_REL_f_round
                                  000008e0  000008f2        13
  __REL_f_round
                                  000008e0         0   none ,g         2
FILE=_REL_ltof
                                  000008f3  0000093c        4a
  __REL_ltof
                                  000008f3         0   none ,g         1
FILE=_COM_lshr
                                  0000093d  0000095d        21
  __COM_lshr
                                  00000947         0   none ,g         1

SECTION=.SLIB
FILE=memcmp
                                  0000095e  0000096f        12
  _memcmp
                                  0000095e         0   none ,g         1
FILE=rand
                                  00000970  000009ad        3e
  _rand
                                  00000970        36   func ,g         5
  _srand
                                  000009a6         8   func ,g         0

SECTION=.const
FILE=DefaultBuild\rble_if_api_cb.obj
                                  00003000  0000317a       17b
FILE=DefaultBuild\r_cg_main.obj
                                  0000317c  00003193        18
  _g_NumberData
                                  0000317c        18   data ,g         c
FILE=DefaultBuild\r_cg_12adc.obj
                                  00003194  00003197         4
  _g_12ad_adansa0_gui
                                  00003194         2   data ,g         0
  _g_12ad_adexicr_gui
                                  00003196         2   data ,g         0

SECTION=.textf
FILE=DefaultBuild\rble_api_gap.obj
                                  00003198  000037e3       64c
  _RBLE_GAP_Reset
                                  00003198        50   func ,g         1
  _RBLE_GAP_Set_Name
                                  000031e8        31   func ,g         0
  _RBLE_GAP_Observation_Enable
                                  00003219        58   func ,g         0
  _RBLE_GAP_Observation_Disable
                                  00003271        1b   func ,g         0
  _RBLE_GAP_Broadcast_Enable
                                  0000328c        ac   func ,g         1
  _RBLE_GAP_Broadcast_Disable
                                  00003338        1b   func ,g         0
  _RBLE_GAP_Set_Bonding_Mode
                                  00003353        26   func ,g         1
  _RBLE_GAP_Set_Security_Request
                                  00003379        24   func ,g         1
  _RBLE_GAP_Get_Device_Info
                                  0000339d        1b   func ,g         0
  _RBLE_GAP_Get_White_List_Size
                                  000033b8        1b   func ,g         0
  _RBLE_GAP_Add_To_White_List
                                  000033d3        31   func ,g         0
  _RBLE_GAP_Del_From_White_List
                                  00003404        37   func ,g         0
  _RBLE_GAP_Get_Remote_Device_Name
                                  0000343b        8b   func ,g         0
  _RBLE_GAP_Get_Remote_Device_Info
                                  000034c6        26   func ,g         0
  _RBLE_GAP_Device_Search
                                  000034ec        26   func ,g         0
  _RBLE_GAP_Set_Random_Address
                                  00003512        2b   func ,g         0
  _RBLE_GAP_Set_Privacy_Feature
                                  0000353d        26   func ,g         0
  _RBLE_GAP_Create_Connection
                                  00003563        8b   func ,g         0
  _RBLE_GAP_Connection_Cancel
                                  000035ee        1b   func ,g         0
  _RBLE_GAP_Disconnect
                                  00003609        26   func ,g         1
  _RBLE_GAP_Start_Bonding
                                  0000362f        4c   func ,g         0
  _RBLE_GAP_Bonding_Info_Ind
                                  0000367b        34   func ,g         0
  _RBLE_GAP_Bonding_Response
                                  000036af        4e   func ,g         1
  _RBLE_GAP_Change_Connection_Param
                                  000036fd        5d   func ,g         0
  _RBLE_GAP_Channel_Map_Req
                                  0000375a        3e   func ,g         0
  _RBLE_GAP_Read_RSSI
                                  00003798        26   func ,g         0
  _RBLE_GAP_Authorized_Ind
                                  000037be        26   func ,g         0
FILE=DefaultBuild\rble_api_gatt.obj
                                  000037e4  00003bc5       3e2
  _RBLE_GATT_Enable
                                  000037e4        2c   func ,g         1
  _RBLE_GATT_Discovery_Service_Request
                                  00003810        5c   func ,g         0
  _RBLE_GATT_Discovery_Char_Request
                                  0000386c        5c   func ,g         0
  _RBLE_GATT_Discovery_Char_Descriptor_Request
                                  000038c8        3e   func ,g         0
  _RBLE_GATT_Read_Char_Request
                                  00003906        8a   func ,g         0
  _RBLE_GATT_Write_Char_Request
                                  00003990        60   func ,g         0
  _RBLE_GATT_Write_Reliable_Request
                                  000039f0        78   func ,g         0
  _RBLE_GATT_Execute_Write_Char_Request
                                  00003a68        32   func ,g         0
  _RBLE_GATT_Notify_Request
                                  00003a9a        36   func ,g         1
  _RBLE_GATT_Indicate_Request
                                  00003ad0        36   func ,g         1
  _RBLE_GATT_Write_Response
                                  00003b06        3a   func ,g         1
  _RBLE_GATT_Set_Permission
                                  00003b40        3e   func ,g         0
  _RBLE_GATT_Set_Data
                                  00003b7e        48   func ,g         1
FILE=DefaultBuild\rble_api_sm.obj
                                  00003bc6  00003dac       1e7
  _RBLE_SM_Set_Key
                                  00003bc6        34   func ,g         0
  _RBLE_SM_Start_Enc
                                  00003bfa        51   func ,g         0
  _RBLE_SM_Tk_Req_Resp
                                  00003c4b        36   func ,g         1
  _RBLE_SM_Ltk_Req_Resp
                                  00003c81        58   func ,g         1
  _RBLE_SM_Irk_Req_Resp
                                  00003cd9        50   func ,g         1
  _RBLE_SM_Csrk_Req_Resp
                                  00003d29        41   func ,g         0
  _RBLE_SM_Chk_Bd_Addr_Req_Resp
                                  00003d6a        43   func ,g         1
FILE=DefaultBuild\rble_api_vs.obj
                                  00003dad  000040fe       352
  _RBLE_VS_Enable
                                  00003dad        2c   func ,g         0
  _RBLE_VS_Test_Rx_Start
                                  00003dd9        24   func ,g         0
  _RBLE_VS_Test_Tx_Start
                                  00003dfd        2c   func ,g         0
  _RBLE_VS_Test_End
                                  00003e29        1b   func ,g         0
  _RBLE_VS_Set_Test_Parameter
                                  00003e44        35   func ,g         0
  _RBLE_VS_Read_Test_RSSI
                                  00003e79        1b   func ,g         0
  _RBLE_VS_Write_Bd_Address
                                  00003e94        2b   func ,g         0
  _RBLE_VS_Set_Tx_Power
                                  00003ebf        30   func ,g         0
  _RBLE_VS_GPIO_Dir
                                  00003eef        24   func ,g         0
  _RBLE_VS_GPIO_Access
                                  00003f13        26   func ,g         0
  _RBLE_VS_Flash_Management
                                  00003f39        24   func ,g         0
  _RBLE_VS_Flash_Access
                                  00003f5d        b1   func ,g         0
  _RBLE_VS_Flash_Operation
                                  0000400e        24   func ,g         0
  _RBLE_VS_Flash_Get_Space
                                  00004032        1b   func ,g         0
  _RBLE_VS_Flash_Get_EEL_Ver
                                  0000404d        1b   func ,g         0
  _RBLE_VS_Adapt_Enable
                                  00004068        24   func ,g         0
  _RBLE_VS_RF_Control
                                  0000408c        24   func ,g         0
  _RBLE_VS_Set_Params
                                  000040b0        4f   func ,g         0
FILE=DefaultBuild\rble_host.obj
                                  000040ff  000043d6       2d8
  _RBLE_Init
                                  000040ff        b8   func ,g         1
  _rBLE_Exit
                                  000041b7         4   func ,g         0
  _rBLE_Run
                                  000041bb        6d   func ,g         1
  _rBLE_Is_Idle
                                  00004228        24   func ,g         1
  _rBLE_Profile_Init
                                  0000424c         b   func ,g         1
  _RBLE_Host_active_call_back@1
                                  00004257         f   func ,l         2
  _RBLE_Host_read_call_back@1
                                  00004266        24   func ,l         2
  _RBLE_Host_reset_call_back@1
                                  0000428a        11   func ,l         2
  _RBLE_Host_write_call_back@1
                                  0000429b         4   func ,l         2
  _RBLE_Host_error_call_back@1
                                  0000429f        11   func ,l         2
  _RBLE_Get_CMD_Buffer
                                  000042b0        14   func ,g        42
  _ke_evt_set
                                  000042c4        1a   func ,g         4
  _ke_evt_clear
                                  000042de         1   func ,g         2
  _RBLE_Data_Set_Start
                                  000042df        49   func ,g         1
  _RBLE_Data_Set
                                  00004328        9a   func ,g         5
  _RBLE_Data_Set_End
                                  000043c2         d   func ,g         1
  _RBLE_Is_Cmd_Buff_Available
                                  000043cf         8   func ,g         0
FILE=DefaultBuild\rble_if_api_cb.obj
                                  000043d7  00004f80       baa
  _RBLE_Event_Data_Analisys
                                  000043d7       baa   func ,g         1
FILE=DefaultBuild\rscip.obj
                                  00004f81  000050aa       12a
  _RSCIP_Initialize
                                  00004f81        81   func ,g         1
  _RSCIP_Write
                                  00005002        a9   func ,g         1
FILE=DefaultBuild\rscip_cntl.obj
                                  000050ab  00005b44       a9a
  _RSCIP_Tx_Done
                                  000050ab       1f2   func ,g         1
  _RSCIP_Rx_Done
                                  0000529d       5ae   func ,g         1
  _Uart_Next_Data_Check@1
                                  0000584b        23   func ,l         1
  _RSCIP_Packet_Ctr_Init
                                  0000586e        4f   func ,g         4
  _RSCIP_Time_Up
                                  000058bd        ba   func ,g         6
  _RSCIP_Packet_Tx
                                  00005977       198   func ,g         f
  _RSCIP_Timer_Init
                                  00005b0f         a   func ,g         1
  _calc_checksum@1
                                  00005b19        2c   func ,l         2
FILE=DefaultBuild\rscip_uart.obj
                                  00005b45  00005f1e       3da
  _RSCIP_Uart_Init
                                  00005b45        40   func ,g         1
  _RSCIP_Uart_Write
                                  00005b85       11a   func ,g         2
  _RSCIP_Uart_Read_Start
                                  00005c9f         f   func ,g         3
  _RSCIP_Uart_Tx_Done
                                  00005cae         c   func ,g         1
  _RSCIP_Uart_Rx_Done
                                  00005cba       226   func ,g         1
  _RSCIP_Uart_Rx_Error
                                  00005ee0         3   func ,g         1
  _RSCIP_Uart_Rx_FirstByte
                                  00005ee3        10   func ,g         0
  _RSCIP_Uart_Rx_Complete
                                  00005ef3        15   func ,g         0
  _RSCIP_Can_Sleep
                                  00005f08        17   func ,g         1
FILE=DefaultBuild\scps.obj
                                  00005f1f  000062fa       3dc
  _RBLE_SCP_Server_Enable
                                  00005f1f        76   func ,g         1
  _RBLE_SCP_Server_Disable
                                  00005f95        30   func ,g         0
  _RBLE_SCP_Server_Send_Notify
                                  00005fc5        2a   func ,g         1
  _RBLE_SCP_Server_Send_Indicate
                                  00005fef        2a   func ,g         0
  _scps_send_enable_complete@1
                                  00006019        23   func ,l         1
  _scps_send_chg_IndNtf@1
                                  0000603c        40   func ,l         1
  _scps_send_chg_char@1
                                  0000607c        2c   func ,l         1
  _scps_set_data@1
                                  000060a8        37   func ,l         5
  _scps_send_response@1
                                  000060df        1c   func ,l         1
  _gatt_callback@1
                                  000060fb       200   func ,l         2
FILE=DefaultBuild\app.obj
                                  000062fb  000067c2       4c8
  _APP_Init
                                  000062fb        4e   func ,g         1
  _APP_Run
                                  00006349       25b   func ,g         1
  _APP_Is_Idle
                                  000065a4         b   func ,g         1
  _APP_RBLE_CallBack@1
                                  000065af         8   func ,l         2
  _APP_GAP_CallBack@1
                                  000065b7        aa   func ,l         2
  _APP_SM_CallBack@1
                                  00006661        bc   func ,l         2
  _APP_SCPS_CallBack@1
                                  0000671d        69   func ,l         2
  _APP_Send_Data
                                  00006786        16   func ,g         4
  _APP_Disconnect
                                  0000679c         3   func ,g         0
  _APP_Set_RunCmd@1
                                  0000679f        24   func ,l         5
FILE=DefaultBuild\uart.obj
                                  000067c3  000067e7        25
  _serial_init
                                  000067c3         2   func ,g         1
  _serial_exit
                                  000067c5         1   func ,g         1
  _serial_read
                                  000067c6         b   func ,g         3
  _serial_write
                                  000067d1         b   func ,g         1
  _uart_sr_isr
                                  000067dc         4   func ,g         1
  _uart_st_isr
                                  000067e0         4   func ,g         1
  _uart_sre_isr
                                  000067e4         4   func ,g         2
FILE=DefaultBuild\timer.obj
                                  000067e8  000068cf        e8
  _RBLE_Init_Timer
                                  000067e8         e   func ,g         1
  _RBLE_Set_Timer
                                  000067f6         8   func ,g         3
  _RBLE_Clear_Timer
                                  000067fe         4   func ,g         8
  _RBLE_Set_Timer_Id
                                  00006802         a   func ,g         2
  _RBLE_Clear_Timer_Id
                                  0000680c         3   func ,g         2
  _rBLE_Is_Timeup_Call_Func
                                  0000680f        2d   func ,g         1
  _RBLE_Terminate_Timer
                                  0000683c        20   func ,g         0
  _rBLE_Timer_Can_Sleep
                                  0000685c        15   func ,g         1
  _Set_Timer@1
                                  00006871        32   func ,l         2
  _Clear_Timer@1
                                  000068a3        10   func ,l         3
  _timer_isr
                                  000068b3        1d   func ,g         1
FILE=DefaultBuild\stkinit.obj
                                  000068d0  00006913        44
  _stkinit
                                  000068d0         0   none ,g         0
  LSTINIT1
                                  000068de         0   none ,l         1
  LSTINIT2
                                  00006908         0   none ,l         2
  LSTINIT3
                                  00006913         0   none ,l         2
FILE=DefaultBuild\r_cg_main.obj
                                  00006914  00006ffd       6ea
  _main
                                  00006914        e9   func ,g         1
  _DataAbs
                                  000069fd         9   func ,g         3
  _CalculatePressure
                                  00006a06       1f7   func ,g         1
  _SPNoiseFilter
                                  00006bfd        21   func ,g         1
  _DPNoiseFilter
                                  00006c1e        1b   func ,g         1
  _QueuePulseData
                                  00006c39        59   func ,g         1
  _CalculatePulse
                                  00006c92        c3   func ,g         1
  _LCDView
                                  00006d55        38   func ,g         2
  _LCDErrorInfo
                                  00006d8d        3e   func ,g         1
  _RefreshLCD
                                  00006dcb        9b   func ,g         3
  _Delayus
                                  00006e66         9   func ,g        1b
  _Delayms
                                  00006e6f        2d   func ,g         0
  _I2C_Init
                                  00006e9c        14   func ,g         1
  _I2C_Start
                                  00006eb0        2a   func ,g         1
  _I2C_Stop
                                  00006eda        2a   func ,g         2
  _I2C_WriteByte
                                  00006f04        57   func ,g         1
  _I2C_ReadByte
                                  00006f5b        63   func ,g         2
  _Press_Read
                                  00006fbe        40   func ,g         1
FILE=DefaultBuild\r_cg_systeminit.obj
                                  00006ffe  0000702d        30
  _R_Systeminit
                                  00006ffe        2b   func ,g         1
  _hdwinit
                                  00007029         5   func ,g         1
FILE=DefaultBuild\r_cg_cgc.obj
                                  0000702e  00007041        14
  _R_CGC_Create
                                  0000702e        14   func ,g         1
FILE=DefaultBuild\r_cg_cgc_user.obj
                                  00007042  00007044         3
  _R_CGC_Get_ResetSource
                                  00007042         3   func ,g         1
FILE=DefaultBuild\r_cg_port.obj
                                  00007045  00007060        1c
  _R_PORT_Create
                                  00007045        1c   func ,g         1
FILE=DefaultBuild\r_cg_it.obj
                                  00007061  00007093        33
  _R_IT_Create
                                  00007061        19   func ,g         1
  _R_IT_Start
                                  0000707a         d   func ,g         1
  _R_IT_Stop
                                  00007087         d   func ,g         1
FILE=DefaultBuild\r_cg_12adc.obj
                                  00007094  0000715f        cc
  _R_12ADC_Create
                                  00007094        41   func ,g         1
  _R_12ADC_Start
                                  000070d5         e   func ,g         1
  _R_12ADC_Stop
                                  000070e3         e   func ,g         0
  _R_12ADC_Get_ValueResult
                                  000070f1        6f   func ,g         1
FILE=DefaultBuild\r_cg_sau.obj
                                  00007160  000072b9       15a
  _R_SAU0_Create
                                  00007160         e   func ,g         1
  _R_UART0_Create
                                  0000716e        82   func ,g         1
  _R_UART0_Start
                                  000071f0        26   func ,g         1
  _R_UART0_Stop
                                  00007216        1e   func ,g         0
  _R_UART0_Receive
                                  00007234        18   func ,g         1
  _R_UART0_Send
                                  0000724c        26   func ,g         1
  _R_UART0_Snooze
                                  00007272        24   func ,g         1
  _R_UART2_Snooze
                                  00007296        24   func ,g         0
FILE=DefaultBuild\r_cg_sau_user.obj
                                  000072ba  000072c9        10
  _r_uart0_callback_receiveend@1
                                  000072ba         4   func ,l         1
  _r_uart0_callback_softwareoverrun@1
                                  000072be         4   func ,l         1
  _r_uart0_callback_sendend@1
                                  000072c2         4   func ,l         1
  _r_uart0_callback_error@1
                                  000072c6         4   func ,l         1
FILE=DefaultBuild\r_cg_lcd.obj
                                  000072ca  00007392        c9
  _R_LCD_Create
                                  000072ca        82   func ,g         1
  _R_LCD_Start
                                  0000734c         4   func ,g         3
  _R_LCD_Stop
                                  00007350         4   func ,g         2
  _R_LCD_Voltage_On
                                  00007354        31   func ,g         2
  _R_LCD_Voltage_Off
                                  00007385         e   func ,g         0
FILE=DefaultBuild\r_cg_intp.obj
                                  00007393  000073da        48
  _R_INTC_Create
                                  00007393        3a   func ,g         1
  _R_INTC0_Start
                                  000073cd         7   func ,g         1
  _R_INTC0_Stop
                                  000073d4         7   func ,g         0
FILE=DefaultBuild\r_cg_tau.obj
                                  000073db  00007502       128
  _R_TAU0_Create
                                  000073db        d8   func ,g         1
  _R_TAU0_Channel0_Start
                                  000074b3        10   func ,g         0
  _R_TAU0_Channel0_Stop
                                  000074c3        10   func ,g         1
  _R_TAU0_Channel6_Start
                                  000074d3        18   func ,g         2
  _R_TAU0_Channel6_Stop
                                  000074eb        18   func ,g         3

SECTION=.monitor2
FILE=rlink_generates_02
                                  00017e00  00017fff       200

SECTION=.bss
FILE=DefaultBuild\rble_host.obj
                                  000fe900  000ff137       838
  _rble_init_cb
                                  000fe900         4   data ,g         8
  _rble_mode
                                  000fe904         1   data ,g        46
  _RBLE_OVER_PACKET_info
                                  000fe906         8   data ,g        1f
    struct RBLE_OVER_PACKET_INFO_t {
                                                   8
      _RBLE_OVER_PACKET_info.w_subhead_pnt
                                  000fe906         4   [near pointer]
      _RBLE_OVER_PACKET_info.w_data_pnt
                                  000fe908         4   [near pointer]
      _RBLE_OVER_PACKET_info.r_head_pnt
                                  000fe90a         4   [near pointer]
      _RBLE_OVER_PACKET_info.r_data_cnt
                                  000fe90c         2   unsigned int
    }
  _evt_buff_rd_cnt
                                  000fe90e         2   data ,g         4
  _evt_buff_wr_cnt
                                  000fe910         2   data ,g         5
  _cmd_buff_rd_cnt
                                  000fe912         2   data ,g         4
  _cmd_buff_wr_cnt
                                  000fe914         2   data ,g         5
  _cmd_buf
                                  000fe916       400   data ,g         3
  _evt_buf
                                  000fed16       400   data ,g         3
  _Tx_Event_Wr_Cnt
                                  000ff116         2   data ,g         3
  _Tx_Event_Rd_Cnt
                                  000ff118         2   data ,g         3
  _Rx_Event_Wr_Cnt
                                  000ff11a         2   data ,g         3
  _Rx_Event_Rd_Cnt
                                  000ff11c         2   data ,g         3
  _cmd_buff_used_count
                                  000ff11e         1   data ,g         4
  _RBLE_GAP_Info
                                  000ff120         8   data ,g         7
    struct RBLE_GAP_INFO_t {
                                                   8
      _RBLE_GAP_Info.conhdl
                                  000ff120         2   unsigned int
      _RBLE_GAP_Info.Handler
                                  000ff122         4   [far pointer]
      _RBLE_GAP_Info.Temp_Malloc_p
                                  000ff126         4   [near pointer]
    }
  _RBLE_SM_Info
                                  000ff128         6   data ,g         7
    struct RBLE_SM_INFO_t {
                                                   6
      _RBLE_SM_Info.conhdl
                                  000ff128         2   unsigned int
      _RBLE_SM_Info.Handler
                                  000ff12a         4   [far pointer]
    }
  _RBLE_GATT_Info
                                  000ff12e         4   data ,g         7
    struct RBLE_GATT_INFO_t {
                                                   4
      _RBLE_GATT_Info.Handler
                                  000ff12e         4   [far pointer]
    }
  _RBLE_VS_Info
                                  000ff132         6   data ,g         8
    struct RBLE_VS_INFO_t {
                                                   6
      _RBLE_VS_Info.conhdl
                                  000ff132         2   unsigned int
      _RBLE_VS_Info.Handler
                                  000ff134         4   [far pointer]
    }
FILE=DefaultBuild\rble_if_api_cb.obj
                                  000ff138  000ff38d       256
  _rBLE_Over_Packet_Temp@1
                                  000ff138       256   data ,l         4
FILE=DefaultBuild\rscip_cntl.obj
                                  000ff38e  000ff448        bb
  _rscip
                                  000ff38e         5   data ,g        65
    struct  {
                                                   5
      _rscip.state
                                  000ff38e         1   enum
      _rscip.error_state
                                  000ff38f         1   enum
      _rscip.tx_end_state
                                  000ff390         1   enum
      _rscip.config
                                  000ff391         1   unsigned char
      _rscip.req_message
                                  000ff392         1   unsigned char
    }
  _callback_func
                                  000ff394        14   data ,g        26
    struct  {
                                                  14
      _callback_func.active_callback
                                  000ff394         4   [far pointer]
      _callback_func.read_callback
                                  000ff398         4   [far pointer]
      _callback_func.write_callback
                                  000ff39c         4   [far pointer]
      _callback_func.reset_callback
                                  000ff3a0         4   [far pointer]
      _callback_func.error_callback
                                  000ff3a4         4   [far pointer]
    }
  _write_packet
                                  000ff3a8        10   data ,g         c
    struct  {
                                                   8
      _write_packet.type
                                  000ff3a8         1   enum
      _write_packet.size
                                  000ff3aa         2   unsigned int
      _write_packet.bufp
                                  000ff3ac         4   [near pointer]
      _write_packet.seq_num
                                  000ff3ae         1   unsigned char
    }
  _tx_packet_ctr
                                  000ff3b8         5   data ,g        24
    struct  {
                                                   5
      _tx_packet_ctr.rp
                                  000ff3b8         1   unsigned char
      _tx_packet_ctr.wp
                                  000ff3b9         1   unsigned char
      _tx_packet_ctr.ap
                                  000ff3ba         1   unsigned char
      _tx_packet_ctr.rsize
                                  000ff3bb         1   unsigned char
      _tx_packet_ctr.wsize
                                  000ff3bc         1   unsigned char
    }
  _tx
                                  000ff3bd         2   data ,g         a
    struct  {
                                                   2
      _tx.seq_num
                                  000ff3bd         1   unsigned char
      _tx.ack_num
                                  000ff3be         1   unsigned char
    }
  _rx
                                  000ff3bf         2   data ,g         5
    struct  {
                                                   2
      _rx.seq_num
                                  000ff3bf         1   unsigned char
      _rx.ack_num
                                  000ff3c0         1   unsigned char
    }
  _ack_ctr
                                  000ff3c1         3   data ,g        18
    struct  {
                                                   3
      _ack_ctr.buf
                                  000ff3c1         2   unsigned char
      _ack_ctr.count
                                  000ff3c3         1   unsigned char
    }
  _tx_done
                                  000ff3c4         2   data ,g         8
    struct  {
                                                   2
      _tx_done.app
                                  000ff3c4         1   unsigned char
      _tx_done.uart
                                  000ff3c5         1   unsigned char
    }
  _read_packet_buf
                                  000ff3c6        80   data ,g         4
  _retry_count
                                  000ff446         3   data ,g         e
    struct  {
                                                   3
      _retry_count.sync_res
                                  000ff446         1   unsigned char
      _retry_count.config_res
                                  000ff447         1   unsigned char
      _retry_count.ack
                                  000ff448         1   unsigned char
    }
FILE=DefaultBuild\rscip_uart.obj
                                  000ff44a  000ff882       439
  _uart
                                  000ff44a       31e   data ,g         9
    struct  {
                                                 10a
      _uart.rx_header_buf
                                  000ff44a         4   unsigned char
      _uart.rx_buf
                                  000ff44e       102   unsigned char
      _uart.rx_length
                                  000ff550         2   unsigned int
      _uart.rx_flag
                                  000ff552         1   unsigned char
    }
  _uart_rp
                                  000ff768         2   data ,g         2
  _uart_wp
                                  000ff76a         2   data ,g         9
  _uart_ctr
                                  000ff76c         2   data ,g         9
    struct  {
                                                   2
      _uart_ctr.rp
                                  000ff76c         1   unsigned char
      _uart_ctr.wp
                                  000ff76d         1   unsigned char
    }
  _uart_rx_buf
                                  000ff76e         1   data ,g        16
  _uart_tx_buf
                                  000ff76f       10c   data ,g         f
  _rscip_tx_state@1
                                  000ff87b         1   data ,l         5
  _rscip_rx_state@2
                                  000ff87c         1   data ,l         e
  _esc_flag@3
                                  000ff87d         1   data ,l         d
  _check_sum@4
                                  000ff87e         1   data ,l         7
  _packet_length@5
                                  000ff880         2   data ,l         8
  _last_rscip_rx_state@6
                                  000ff882         1   data ,l         4
FILE=DefaultBuild\app.obj
                                  000ff884  000ff961        de
  _BondedAddr@2
                                  000ff884         6   data ,l         6
    struct RBLE_BD_ADDR_t {
                                                   6
      _BondedAddr@2.addr
                                  000ff884         6   unsigned char
    }
  _SecStatus@3
                                  000ff88a         1   data ,l         5
  _LocalKey@4
                                  000ff88c        56   data ,l         d
    struct  {
                                                  56
      _LocalKey@4.Key_Set_Flags
                                  000ff88c         1   unsigned char
      _LocalKey@4.EncKey
                                  000ff88e        1c
    struct RBLE_EVT_SM_Key_t {
                                                  1c
      _LocalKey@4.EncKey.idx
                                  000ff88e         1   unsigned char
      _LocalKey@4.EncKey.key_code
                                  000ff88f         1   unsigned char
      _LocalKey@4.EncKey.ediv
                                  000ff890         2   unsigned short
      _LocalKey@4.EncKey.nb
                                  000ff892         8
    struct RBLE_RAND_NB_t {
                                                   8
      _LocalKey@4.EncKey.nb.nb
                                  000ff892         8   unsigned char
    }
      _LocalKey@4.EncKey.ltk
                                  000ff89a        10
    struct RBLE_KEY_VALUE_t {
                                                  10
      _LocalKey@4.EncKey.ltk.key
                                  000ff89a        10   unsigned char
    }
    }
      _LocalKey@4.IrKey
                                  000ff8aa        1c
    struct RBLE_EVT_SM_Key_t {
                                                  1c
      _LocalKey@4.IrKey.idx
                                  000ff8aa         1   unsigned char
      _LocalKey@4.IrKey.key_code
                                  000ff8ab         1   unsigned char
      _LocalKey@4.IrKey.ediv
                                  000ff8ac         2   unsigned short
      _LocalKey@4.IrKey.nb
                                  000ff8ae         8
    struct RBLE_RAND_NB_t {
                                                   8
      _LocalKey@4.IrKey.nb.nb
                                  000ff8ae         8   unsigned char
    }
      _LocalKey@4.IrKey.ltk
                                  000ff8b6        10
    struct RBLE_KEY_VALUE_t {
                                                  10
      _LocalKey@4.IrKey.ltk.key
                                  000ff8b6        10   unsigned char
    }
    }
      _LocalKey@4.SignKey
                                  000ff8c6        1c
    struct RBLE_EVT_SM_Key_t {
                                                  1c
      _LocalKey@4.SignKey.idx
                                  000ff8c6         1   unsigned char
      _LocalKey@4.SignKey.key_code
                                  000ff8c7         1   unsigned char
      _LocalKey@4.SignKey.ediv
                                  000ff8c8         2   unsigned short
      _LocalKey@4.SignKey.nb
                                  000ff8ca         8
    struct RBLE_RAND_NB_t {
                                                   8
      _LocalKey@4.SignKey.nb.nb
                                  000ff8ca         8   unsigned char
    }
      _LocalKey@4.SignKey.ltk
                                  000ff8d2        10
    struct RBLE_KEY_VALUE_t {
                                                  10
      _LocalKey@4.SignKey.ltk.key
                                  000ff8d2        10   unsigned char
    }
    }
    }
  _RemoteKey@5
                                  000ff8e2        56   data ,l         a
    struct  {
                                                  56
      _RemoteKey@5.Key_Set_Flags
                                  000ff8e2         1   unsigned char
      _RemoteKey@5.EncKey
                                  000ff8e4        1c
    struct RBLE_EVT_SM_Key_t {
                                                  1c
      _RemoteKey@5.EncKey.idx
                                  000ff8e4         1   unsigned char
      _RemoteKey@5.EncKey.key_code
                                  000ff8e5         1   unsigned char
      _RemoteKey@5.EncKey.ediv
                                  000ff8e6         2   unsigned short
      _RemoteKey@5.EncKey.nb
                                  000ff8e8         8
    struct RBLE_RAND_NB_t {
                                                   8
      _RemoteKey@5.EncKey.nb.nb
                                  000ff8e8         8   unsigned char
    }
      _RemoteKey@5.EncKey.ltk
                                  000ff8f0        10
    struct RBLE_KEY_VALUE_t {
                                                  10
      _RemoteKey@5.EncKey.ltk.key
                                  000ff8f0        10   unsigned char
    }
    }
      _RemoteKey@5.IrKey
                                  000ff900        1c
    struct RBLE_EVT_SM_Key_t {
                                                  1c
      _RemoteKey@5.IrKey.idx
                                  000ff900         1   unsigned char
      _RemoteKey@5.IrKey.key_code
                                  000ff901         1   unsigned char
      _RemoteKey@5.IrKey.ediv
                                  000ff902         2   unsigned short
      _RemoteKey@5.IrKey.nb
                                  000ff904         8
    struct RBLE_RAND_NB_t {
                                                   8
      _RemoteKey@5.IrKey.nb.nb
                                  000ff904         8   unsigned char
    }
      _RemoteKey@5.IrKey.ltk
                                  000ff90c        10
    struct RBLE_KEY_VALUE_t {
                                                  10
      _RemoteKey@5.IrKey.ltk.key
                                  000ff90c        10   unsigned char
    }
    }
      _RemoteKey@5.SignKey
                                  000ff91c        1c
    struct RBLE_EVT_SM_Key_t {
                                                  1c
      _RemoteKey@5.SignKey.idx
                                  000ff91c         1   unsigned char
      _RemoteKey@5.SignKey.key_code
                                  000ff91d         1   unsigned char
      _RemoteKey@5.SignKey.ediv
                                  000ff91e         2   unsigned short
      _RemoteKey@5.SignKey.nb
                                  000ff920         8
    struct RBLE_RAND_NB_t {
                                                   8
      _RemoteKey@5.SignKey.nb.nb
                                  000ff920         8   unsigned char
    }
      _RemoteKey@5.SignKey.ltk
                                  000ff928        10
    struct RBLE_KEY_VALUE_t {
                                                  10
      _RemoteKey@5.SignKey.ltk.key
                                  000ff928        10   unsigned char
    }
    }
    }
  _RcvEdiv@6
                                  000ff938         2   data ,l         3
  _RcvNb@7
                                  000ff93a         8   data ,l         3
    struct RBLE_RAND_NB_t {
                                                   8
      _RcvNb@7.nb
                                  000ff93a         8   unsigned char
    }
  _ConnectionIdx@8
                                  000ff942         1   data ,l         8
  _ConnectionType@9
                                  000ff943         1   data ,l         1
  _RemoteDevice@10
                                  000ff944         6   data ,l         2
    struct RBLE_BD_ADDR_t {
                                                   6
      _RemoteDevice@10.addr
                                  000ff944         6   unsigned char
    }
  _FoundFlg@11
                                  000ff94a         1   data ,l         3
  _CheckedIrkFlg@12
                                  000ff94b         1   data ,l         3
  _RunCmd@13
                                  000ff94c        14   data ,l         2
  _WrPtr@14
                                  000ff960         1   data ,l         6
  _RdPtr@15
                                  000ff961         1   data ,l         5
FILE=DefaultBuild\timer.obj
                                  000ff962  000ff97a        19
  _rBLE_Timer_Mem
                                  000ff962        18   data ,g         5
    struct  {
                                                   8
      _rBLE_Timer_Mem.Timer_Cnt
                                  000ff962         2   unsigned short
      _rBLE_Timer_Mem.Timer_Flg
                                  000ff964         1   unsigned char
      _rBLE_Timer_Mem.Timer_Func
                                  000ff966         4   [far pointer]
    }
  _rBLE_Timer_Init
                                  000ff97a         1   data ,g         5
FILE=DefaultBuild\r_cg_main.obj
                                  000ff97c  000ffaf1       176
  _data_received
                                  000ff97c         2   data ,g         5
  _g_MeasureFlag
                                  000ff97e         1   data ,g         5
  _g_DataBuffer
                                  000ff97f         2   data ,g         5
  _g_SampleData
                                  000ff982       100   data ,g         4
  _g_Index
                                  000ffa82         2   data ,g         5
  _g_TempIndex
                                  000ffa84         1   data ,g         9
  _g_TempData
                                  000ffa86        22   data ,g         a
  _g_DiffValue
                                  000ffaa8        40   data ,g        11
  _g_SampleDataIndex
                                  000ffae8         1   data ,g         3
  _g_PulseData
                                  000ffae9         1   data ,g         4
  _g_HighPressureData
                                  000ffaea         1   data ,g         5
  _g_LowPressureData
                                  000ffaeb         1   data ,g         5
  _g_BatteryLevel
                                  000ffaec         1   data ,g         5
  _g_I2CError
                                  000ffaed         1   data ,g         1
  _g_DisplayData
                                  000ffaee         4   data ,g         9
FILE=DefaultBuild\r_cg_it_user.obj
                                  000ffaf2  000ffaf9         8
  _g_SampleCounter
                                  000ffaf2         1   data ,g         3
  _g_SleeveNormalCounter
                                  000ffaf4         2   data ,g         3
  _g_DisplayShuffle@1
                                  000ffaf6         2   data ,l         6
  _g_DisplayCloseCounter@2
                                  000ffaf8         2   data ,l         3
FILE=DefaultBuild\r_cg_sau.obj
                                  000ffafa  000ffb03         a
  _gp_uart0_tx_address
                                  000ffafa         2   data ,g         5
  _g_uart0_tx_count
                                  000ffafc         2   data ,g         4
  _gp_uart0_rx_address
                                  000ffafe         2   data ,g         3
  _g_uart0_rx_count
                                  000ffb00         2   data ,g         4
  _g_uart0_rx_length
                                  000ffb02         2   data ,g         3

SECTION=.dataR
FILE=DefaultBuild\rble_api_vs.obj
                                  000ffb04  000ffb05         2
  _access_buf
                                  000ffb04         2   data ,g         3
FILE=DefaultBuild\scps.obj
                                  000ffb06  000ffb85        80
  _scps_info
                                  000ffb06        80   data ,g        35
    struct SCPS_INFO_t {
                                                  80
      _scps_info.status
                                  000ffb06         1   enum SCPS_STATUS_enum
      _scps_info.callback
                                  000ffb08         4   [far pointer]
      _scps_info.conhdl
                                  000ffb0c         2   unsigned int
      _scps_info.notify_en
                                  000ffb0e         2   unsigned int
      _scps_info.ind_en
                                  000ffb10         2   unsigned int
      _scps_info.set_data_hdl
                                  000ffb12         6   unsigned int
      _scps_info.wp
                                  000ffb18         2   unsigned int
      _scps_info.rp
                                  000ffb1a         2   unsigned int
      _scps_info.event_data
                                  000ffb1c        6a
    struct RBLE_GATT_EVENT_t {
                                                  6a
      _scps_info.event_data.type
                                  000ffb1c         1   unsigned char
      _scps_info.event_data.reserved
                                  000ffb1d         1   unsigned char
      _scps_info.event_data.param
                                  000ffb1e        68
    union  Event_Gatt_Parameter_u {
                                                  68
      _scps_info.event_data.param.disc_svc_all_cmp
                                  000ffb1e        34
    struct RBLE_GATT_Disc_Svc_All_Comp_t {
                                                  34
      _scps_info.event_data.param.disc_svc_all_cmp.conhdl
                                  000ffb1e         2   unsigned int
      _scps_info.event_data.param.disc_svc_all_cmp.att_code
                                  000ffb20         1   unsigned char
      _scps_info.event_data.param.disc_svc_all_cmp.nb_resp
                                  000ffb21         1   unsigned char
      _scps_info.event_data.param.disc_svc_all_cmp.list
                                  000ffb22        30
    struct RBLE_GATT_SVC_LIST_t {
                                                   6
      _scps_info.event_data.param.disc_svc_all_cmp.list.start_hdl
                                  000ffb22         2   unsigned int
      _scps_info.event_data.param.disc_svc_all_cmp.list.end_hdl
                                  000ffb24         2   unsigned int
      _scps_info.event_data.param.disc_svc_all_cmp.list.attr_hdl
                                  000ffb26         2   unsigned int
    }
    }
      _scps_info.event_data.param.disc_svc_all_128_cmp
                                  000ffb1e        18
    struct RBLE_GATT_Disc_Svc_All_128_Comp_t {
                                                  18
      _scps_info.event_data.param.disc_svc_all_128_cmp.conhdl
                                  000ffb1e         2   unsigned int
      _scps_info.event_data.param.disc_svc_all_128_cmp.att_code
                                  000ffb20         1   unsigned char
      _scps_info.event_data.param.disc_svc_all_128_cmp.nb_resp
                                  000ffb21         1   unsigned char
      _scps_info.event_data.param.disc_svc_all_128_cmp.list
                                  000ffb22        14
    struct RBLE_GATT_SVC_128_LIST_t {
                                                  14
      _scps_info.event_data.param.disc_svc_all_128_cmp.list.start_hdl
                                  000ffb22         2   unsigned int
      _scps_info.event_data.param.disc_svc_all_128_cmp.list.end_hdl
                                  000ffb24         2   unsigned int
      _scps_info.event_data.param.disc_svc_all_128_cmp.list.attr_hdl
                                  000ffb26        10   unsigned char
    }
    }
      _scps_info.event_data.param.disc_svc_by_uuid_cmp
                                  000ffb1e        24
    struct RBLE_GATT_Disc_Svc_By_Uuid_Comp_t {
                                                  24
      _scps_info.event_data.param.disc_svc_by_uuid_cmp.conhdl
                                  000ffb1e         2   unsigned int
      _scps_info.event_data.param.disc_svc_by_uuid_cmp.att_code
                                  000ffb20         1   unsigned char
      _scps_info.event_data.param.disc_svc_by_uuid_cmp.nb_resp
                                  000ffb21         1   unsigned char
      _scps_info.event_data.param.disc_svc_by_uuid_cmp.list
                                  000ffb22        20
    struct RBLE_GATT_SVC_RANGE_LIST_t {
                                                   4
      _scps_info.event_data.param.disc_svc_by_uuid_cmp.list.start_hdl
                                  000ffb22         2   unsigned int
      _scps_info.event_data.param.disc_svc_by_uuid_cmp.list.end_hdl
                                  000ffb24         2   unsigned int
    }
    }
      _scps_info.event_data.param.disc_svc_incl_cmp
                                  000ffb1e        44
    struct RBLE_GATT_Disc_Svc_Incl_Comp_t {
                                                  44
      _scps_info.event_data.param.disc_svc_incl_cmp.conhdl
                                  000ffb1e         2   unsigned int
      _scps_info.event_data.param.disc_svc_incl_cmp.nb_entry
                                  000ffb20         1   unsigned char
      _scps_info.event_data.param.disc_svc_incl_cmp.entry_len
                                  000ffb21         1   unsigned char
      _scps_info.event_data.param.disc_svc_incl_cmp.incl_list
                                  000ffb22        40
    union  incl_list_u {
                                                  40
      _scps_info.event_data.param.disc_svc_incl_cmp.incl_list.incl
                                  000ffb22        16
    struct RBLE_GATT_INCL_128_LIST_t {
                                                  16
      _scps_info.event_data.param.disc_svc_incl_cmp.incl_list.incl.attr_hdl
                                  000ffb22         2   unsigned int
      _scps_info.event_data.param.disc_svc_incl_cmp.incl_list.incl.start_hdl
                                  000ffb24         2   unsigned int
      _scps_info.event_data.param.disc_svc_incl_cmp.incl_list.incl.end_hdl
                                  000ffb26         2   unsigned int
      _scps_info.event_data.param.disc_svc_incl_cmp.incl_list.incl.uuid
                                  000ffb28        10   unsigned char
    }
      _scps_info.event_data.param.disc_svc_incl_cmp.incl_list.list
                                  000ffb22        40
    struct RBLE_GATT_INCL_LIST_t {
                                                   8
      _scps_info.event_data.param.disc_svc_incl_cmp.incl_list.list.attr_hdl
                                  000ffb22         2   unsigned int
      _scps_info.event_data.param.disc_svc_incl_cmp.incl_list.list.start_hdl
                                  000ffb24         2   unsigned int
      _scps_info.event_data.param.disc_svc_incl_cmp.incl_list.list.end_hdl
                                  000ffb26         2   unsigned int
      _scps_info.event_data.param.disc_svc_incl_cmp.incl_list.list.uuid
                                  000ffb28         2   unsigned int
    }
    }
    }
      _scps_info.event_data.param.disc_char_all_cmp
                                  000ffb1e        44
    struct RBLE_GATT_Disc_Char_All_Comp_t {
                                                  44
      _scps_info.event_data.param.disc_char_all_cmp.conhdl
                                  000ffb1e         2   unsigned int
      _scps_info.event_data.param.disc_char_all_cmp.att_code
                                  000ffb20         1   unsigned char
      _scps_info.event_data.param.disc_char_all_cmp.nb_entry
                                  000ffb21         1   unsigned char
      _scps_info.event_data.param.disc_char_all_cmp.list
                                  000ffb22        40
    struct RBLE_GATT_CHAR_LIST_t {
                                                   8
      _scps_info.event_data.param.disc_char_all_cmp.list.attr_hdl
                                  000ffb22         2   unsigned int
      _scps_info.event_data.param.disc_char_all_cmp.list.prop
                                  000ffb24         1   unsigned char
      _scps_info.event_data.param.disc_char_all_cmp.list.reserved
                                  000ffb25         1   unsigned char
      _scps_info.event_data.param.disc_char_all_cmp.list.pointer_hdl
                                  000ffb26         2   unsigned int
      _scps_info.event_data.param.disc_char_all_cmp.list.uuid
                                  000ffb28         2   unsigned int
    }
    }
      _scps_info.event_data.param.disc_char_all_128_cmp
                                  000ffb1e        1a
    struct RBLE_GATT_Disc_Char_All_128_Comp_t {
                                                  1a
      _scps_info.event_data.param.disc_char_all_128_cmp.conhdl
                                  000ffb1e         2   unsigned int
      _scps_info.event_data.param.disc_char_all_128_cmp.att_code
                                  000ffb20         1   unsigned char
      _scps_info.event_data.param.disc_char_all_128_cmp.nb_entry
                                  000ffb21         1   unsigned char
      _scps_info.event_data.param.disc_char_all_128_cmp.list
                                  000ffb22        16
    struct RBLE_GATT_CHAR_128_LIST_t {
                                                  16
      _scps_info.event_data.param.disc_char_all_128_cmp.list.attr_hdl
                                  000ffb22         2   unsigned int
      _scps_info.event_data.param.disc_char_all_128_cmp.list.prop
                                  000ffb24         1   unsigned char
      _scps_info.event_data.param.disc_char_all_128_cmp.list.reserved
                                  000ffb25         1   unsigned char
      _scps_info.event_data.param.disc_char_all_128_cmp.list.pointer_hdl
                                  000ffb26         2   unsigned int
      _scps_info.event_data.param.disc_char_all_128_cmp.list.uuid
                                  000ffb28        10   unsigned char
    }
    }
      _scps_info.event_data.param.disc_char_by_uuid_cmp
                                  000ffb1e        44
    struct RBLE_GATT_Disc_Char_By_Uuid_Comp_t {
                                                  44
      _scps_info.event_data.param.disc_char_by_uuid_cmp.conhdl
                                  000ffb1e         2   unsigned int
      _scps_info.event_data.param.disc_char_by_uuid_cmp.att_code
                                  000ffb20         1   unsigned char
      _scps_info.event_data.param.disc_char_by_uuid_cmp.nb_entry
                                  000ffb21         1   unsigned char
      _scps_info.event_data.param.disc_char_by_uuid_cmp.list
                                  000ffb22        40
    struct RBLE_GATT_CHAR_LIST_t {
                                                   8
      _scps_info.event_data.param.disc_char_by_uuid_cmp.list.attr_hdl
                                  000ffb22         2   unsigned int
      _scps_info.event_data.param.disc_char_by_uuid_cmp.list.prop
                                  000ffb24         1   unsigned char
      _scps_info.event_data.param.disc_char_by_uuid_cmp.list.reserved
                                  000ffb25         1   unsigned char
      _scps_info.event_data.param.disc_char_by_uuid_cmp.list.pointer_hdl
                                  000ffb26         2   unsigned int
      _scps_info.event_data.param.disc_char_by_uuid_cmp.list.uuid
                                  000ffb28         2   unsigned int
    }
    }
      _scps_info.event_data.param.disc_char_by_uuid_128_cmp
                                  000ffb1e        1a
    struct RBLE_GATT_Disc_Char_By_Uuid_128_Comp_t {
                                                  1a
      _scps_info.event_data.param.disc_char_by_uuid_128_cmp.conhdl
                                  000ffb1e         2   unsigned int
      _scps_info.event_data.param.disc_char_by_uuid_128_cmp.att_code
                                  000ffb20         1   unsigned char
      _scps_info.event_data.param.disc_char_by_uuid_128_cmp.nb_entry
                                  000ffb21         1   unsigned char
      _scps_info.event_data.param.disc_char_by_uuid_128_cmp.list
                                  000ffb22        16
    struct RBLE_GATT_CHAR_128_LIST_t {
                                                  16
      _scps_info.event_data.param.disc_char_by_uuid_128_cmp.list.attr_hdl
                                  000ffb22         2   unsigned int
      _scps_info.event_data.param.disc_char_by_uuid_128_cmp.list.prop
                                  000ffb24         1   unsigned char
      _scps_info.event_data.param.disc_char_by_uuid_128_cmp.list.reserved
                                  000ffb25         1   unsigned char
      _scps_info.event_data.param.disc_char_by_uuid_128_cmp.list.pointer_hdl
                                  000ffb26         2   unsigned int
      _scps_info.event_data.param.disc_char_by_uuid_128_cmp.list.uuid
                                  000ffb28        10   unsigned char
    }
    }
      _scps_info.event_data.param.disc_char_desc_cmp
                                  000ffb1e        24
    struct RBLE_GATT_Disc_Char_Desc_Comp_t {
                                                  24
      _scps_info.event_data.param.disc_char_desc_cmp.conhdl
                                  000ffb1e         2   unsigned int
      _scps_info.event_data.param.disc_char_desc_cmp.nb_entry
                                  000ffb20         1   unsigned char
      _scps_info.event_data.param.disc_char_desc_cmp.reserved
                                  000ffb21         1   unsigned char
      _scps_info.event_data.param.disc_char_desc_cmp.list
                                  000ffb22        20
    struct RBLE_GATT_CHAR_DESC_LIST_t {
                                                   4
      _scps_info.event_data.param.disc_char_desc_cmp.list.attr_hdl
                                  000ffb22         2   unsigned int
      _scps_info.event_data.param.disc_char_desc_cmp.list.desc_hdl
                                  000ffb24         2   unsigned int
    }
    }
      _scps_info.event_data.param.disc_char_desc_128_cmp
                                  000ffb1e        16
    struct RBLE_GATT_Disc_Char_Desc_128_Comp_t {
                                                  16
      _scps_info.event_data.param.disc_char_desc_128_cmp.conhdl
                                  000ffb1e         2   unsigned int
      _scps_info.event_data.param.disc_char_desc_128_cmp.nb_entry
                                  000ffb20         1   unsigned char
      _scps_info.event_data.param.disc_char_desc_128_cmp.reserved
                                  000ffb21         1   unsigned char
      _scps_info.event_data.param.disc_char_desc_128_cmp.list_128
                                  000ffb22        12
    struct RBLE_GATT_CHAR_DESC_128_LIST_t {
                                                  12
      _scps_info.event_data.param.disc_char_desc_128_cmp.list_128.attr_hdl
                                  000ffb22         2   unsigned int
      _scps_info.event_data.param.disc_char_desc_128_cmp.list_128.uuid
                                  000ffb24        10   unsigned char
    }
    }
      _scps_info.event_data.param.read_char_resp
                                  000ffb1e        1e
    struct RBLE_GATT_Read_Char_Resp_t {
                                                  1e
      _scps_info.event_data.param.read_char_resp.conhdl
                                  000ffb1e         2   unsigned int
      _scps_info.event_data.param.read_char_resp.att_code
                                  000ffb20         1   unsigned char
      _scps_info.event_data.param.read_char_resp.data
                                  000ffb21        1a
    struct RBLE_GATT_INFO_DATA_t {
                                                  1a
      _scps_info.event_data.param.read_char_resp.data.each_len
                                  000ffb21         1   unsigned char
      _scps_info.event_data.param.read_char_resp.data.len
                                  000ffb22         1   unsigned char
      _scps_info.event_data.param.read_char_resp.data.data
                                  000ffb23        18   unsigned char
    }
    }
      _scps_info.event_data.param.read_char_long_resp
                                  000ffb1e        1e
    struct RBLE_GATT_Read_Char_Long_Resp_t {
                                                  1e
      _scps_info.event_data.param.read_char_long_resp.conhdl
                                  000ffb1e         2   unsigned int
      _scps_info.event_data.param.read_char_long_resp.att_code
                                  000ffb20         1   unsigned char
      _scps_info.event_data.param.read_char_long_resp.val_len
                                  000ffb21         1   unsigned char
      _scps_info.event_data.param.read_char_long_resp.attr_hdl
                                  000ffb22         2   unsigned int
      _scps_info.event_data.param.read_char_long_resp.value
                                  000ffb24        18   unsigned char
    }
      _scps_info.event_data.param.read_char_mult_resp
                                  000ffb1e        68
    struct RBLE_GATT_Read_Char_Mult_Resp_t {
                                                  68
      _scps_info.event_data.param.read_char_mult_resp.conhdl
                                  000ffb1e         2   unsigned int
      _scps_info.event_data.param.read_char_mult_resp.att_code
                                  000ffb20         1   unsigned char
      _scps_info.event_data.param.read_char_mult_resp.val_len
                                  000ffb21         1   unsigned char
      _scps_info.event_data.param.read_char_mult_resp.data
                                  000ffb22        64
    struct RBLE_GATT_QUERY_RESULT_t {
                                                  19
      _scps_info.event_data.param.read_char_mult_resp.data.len
                                  000ffb22         1   unsigned char
      _scps_info.event_data.param.read_char_mult_resp.data.value
                                  000ffb23        18   unsigned char
    }
    }
      _scps_info.event_data.param.read_char_long_desc_resp
                                  000ffb1e        1e
    struct RBLE_GATT_Read_Char_Long_Desc_Resp_t {
                                                  1e
      _scps_info.event_data.param.read_char_long_desc_resp.conhdl
                                  000ffb1e         2   unsigned int
      _scps_info.event_data.param.read_char_long_desc_resp.att_code
                                  000ffb20         1   unsigned char
      _scps_info.event_data.param.read_char_long_desc_resp.val_len
                                  000ffb21         1   unsigned char
      _scps_info.event_data.param.read_char_long_desc_resp.value
                                  000ffb22        18   unsigned char
      _scps_info.event_data.param.read_char_long_desc_resp.attr_hdl
                                  000ffb3a         2   unsigned int
    }
      _scps_info.event_data.param.write_char_resp
                                  000ffb1e         4
    struct RBLE_GATT_Write_Char_Resp_t {
                                                   4
      _scps_info.event_data.param.write_char_resp.conhdl
                                  000ffb1e         2   unsigned int
      _scps_info.event_data.param.write_char_resp.att_code
                                  000ffb20         1   unsigned char
      _scps_info.event_data.param.write_char_resp.reserved
                                  000ffb21         1   unsigned char
    }
      _scps_info.event_data.param.write_reliable_resp
                                  000ffb1e         4
    struct RBLE_GATT_Write_Reliable_Resp_t {
                                                   4
      _scps_info.event_data.param.write_reliable_resp.conhdl
                                  000ffb1e         2   unsigned int
      _scps_info.event_data.param.write_reliable_resp.att_code
                                  000ffb20         1   unsigned char
      _scps_info.event_data.param.write_reliable_resp.reserved
                                  000ffb21         1   unsigned char
    }
      _scps_info.event_data.param.cancel_write_resp
                                  000ffb1e         4
    struct RBLE_GATT_Cancel_Write_Char_Resp_t {
                                                   4
      _scps_info.event_data.param.cancel_write_resp.conhdl
                                  000ffb1e         2   unsigned int
      _scps_info.event_data.param.cancel_write_resp.att_code
                                  000ffb20         1   unsigned char
      _scps_info.event_data.param.cancel_write_resp.reserved
                                  000ffb21         1   unsigned char
    }
      _scps_info.event_data.param.handle_value_notif
                                  000ffb1e        1e
    struct RBLE_GATT_Handle_Value_Notif_t {
                                                  1e
      _scps_info.event_data.param.handle_value_notif.conhdl
                                  000ffb1e         2   unsigned int
      _scps_info.event_data.param.handle_value_notif.charhdl
                                  000ffb20         2   unsigned int
      _scps_info.event_data.param.handle_value_notif.size
                                  000ffb22         1   unsigned char
      _scps_info.event_data.param.handle_value_notif.value
                                  000ffb23        18   unsigned char
      _scps_info.event_data.param.handle_value_notif.reserved
                                  000ffb3b         1   unsigned char
    }
      _scps_info.event_data.param.handle_value_ind
                                  000ffb1e        1e
    struct RBLE_GATT_Handle_Value_Ind_t {
                                                  1e
      _scps_info.event_data.param.handle_value_ind.conhdl
                                  000ffb1e         2   unsigned int
      _scps_info.event_data.param.handle_value_ind.charhdl
                                  000ffb20         2   unsigned int
      _scps_info.event_data.param.handle_value_ind.size
                                  000ffb22         1   unsigned char
      _scps_info.event_data.param.handle_value_ind.value
                                  000ffb23        18   unsigned char
      _scps_info.event_data.param.handle_value_ind.reserved
                                  000ffb3b         1   unsigned char
    }
      _scps_info.event_data.param.handle_value_cfm
                                  000ffb1e         1
    struct RBLE_GATT_Handle_Value_Cfm_t {
                                                   1
      _scps_info.event_data.param.handle_value_cfm.status
                                  000ffb1e         1   unsigned char
    }
      _scps_info.event_data.param.discovery_cmp
                                  000ffb1e         4
    struct RBLE_GATT_Discovery_Comp_t {
                                                   4
      _scps_info.event_data.param.discovery_cmp.conhdl
                                  000ffb1e         2   unsigned int
      _scps_info.event_data.param.discovery_cmp.att_code
                                  000ffb20         1   unsigned char
      _scps_info.event_data.param.discovery_cmp.reserved
                                  000ffb21         1   unsigned char
    }
      _scps_info.event_data.param.complete
                                  000ffb1e         4
    struct RBLE_GATT_Complete_t {
                                                   4
      _scps_info.event_data.param.complete.conhdl
                                  000ffb1e         2   unsigned int
      _scps_info.event_data.param.complete.att_code
                                  000ffb20         1   unsigned char
      _scps_info.event_data.param.complete.reserved
                                  000ffb21         1   unsigned char
    }
      _scps_info.event_data.param.write_cmd_ind
                                  000ffb1e        20
    struct RBLE_GATT_Write_Cmd_Ind_t {
                                                  20
      _scps_info.event_data.param.write_cmd_ind.conhdl
                                  000ffb1e         2   unsigned int
      _scps_info.event_data.param.write_cmd_ind.elmt
                                  000ffb20         2   unsigned int
      _scps_info.event_data.param.write_cmd_ind.size
                                  000ffb22         2   unsigned int
      _scps_info.event_data.param.write_cmd_ind.offset
                                  000ffb24         1   unsigned char
      _scps_info.event_data.param.write_cmd_ind.resp
                                  000ffb25         1   unsigned char
      _scps_info.event_data.param.write_cmd_ind.value
                                  000ffb26        18   unsigned char
    }
      _scps_info.event_data.param.set_perm_cmp
                                  000ffb1e         1
    struct RBLE_GATT_Set_Perm_Complete_t {
                                                   1
      _scps_info.event_data.param.set_perm_cmp.status
[...]
0020 r_cg_cgc_user
     SECTION=.textf
                 _R_CGC_Get_ResetSource
                                 00007042 0018(00007002:.textf)
0021 r_cg_port
     SECTION=.textf
                 _R_PORT_Create
                                 00007045 0018(00007006:.textf)
0022 r_cg_port_user
0023 r_cg_it
     SECTION=.textf
                 _R_IT_Create
                                 00007061 0018(00007012:.textf)
                 _R_IT_Start
                                 0000707a 0014(000067ee:.textf)
                 _R_IT_Stop
                                 00007087 0014(00006844:.textf)
0024 r_cg_it_user
     SECTION=.bss
                 _g_SampleCounter
                                 000ffaf2 0024(00000282:.text)
                                          0024(00000286:.text)
                                          0024(00000293:.text)
                 _g_SleeveNormalCounter
                                 000ffaf4 0024(0000036d:.text)
                                          0024(00000374:.text)
                                          0024(0000037a:.text)
     SECTION=.text
0025 r_cg_12adc
     SECTION=.const
                 _g_12ad_adansa0_gui
                                 00003194
                 _g_12ad_adexicr_gui
                                 00003196
     SECTION=.textf
                 _R_12ADC_Create
                                 00007094 0018(00007022:.textf)
                 _R_12ADC_Start
                                 000070d5 0017(00006994:.textf)
                 _R_12ADC_Stop
                                 000070e3
                 _R_12ADC_Get_ValueResult
                                 000070f1 0026(00000494:.text)
0026 r_cg_12adc_user
     SECTION=.text
0027 r_cg_sau
     SECTION=.textf
                 _R_SAU0_Create
                                 00007160 0018(0000701a:.textf)
                 _R_UART0_Create
                                 0000716e
                 _R_UART0_Start
                                 000071f0 0017(00006924:.textf)
                 _R_UART0_Stop
                                 00007216
                 _R_UART0_Receive
                                 00007234 0013(000067c7:.textf)
                 _R_UART0_Send
                                 0000724c 0013(000067d2:.textf)
                 _R_UART0_Snooze
                                 00007272 0017(000069eb:.textf)
                 _R_UART2_Snooze
                                 00007296
     SECTION=.bss
                 _gp_uart0_tx_address
                                 000ffafa 0027(00007258:.textf)
                                          0027(00007262:.textf)
                                          0027(00007268:.textf)
                                          0028(0000056e:.text)
                                          0028(00000574:.text)
                 _g_uart0_tx_count
                                 000ffafc 0027(0000725c:.textf)
                                          0027(0000726b:.textf)
                                          0028(00000561:.text)
                                          0028(00000577:.text)
                 _gp_uart0_rx_address
                                 000ffafe 0027(00007248:.textf)
                                          0028(0000052c:.text)
                                          0028(00000530:.text)
                 _g_uart0_rx_count
                                 000ffb00 0027(00007240:.textf)
                                          0028(00000524:.text)
                                          0028(00000533:.text)
                                          0028(00000539:.text)
                 _g_uart0_rx_length
                                 000ffb02 0027(00007244:.textf)
                                          0028(00000521:.text)
                                          0028(00000536:.text)
0028 r_cg_sau_user
     SECTION=.text
     SECTION=.textf
0029 r_cg_lcd
     SECTION=.textf
                 _R_LCD_Create
                                 000072ca 0018(0000701e:.textf)
                 _R_LCD_Start
                                 0000734c 0011(00006754:.textf)
                                          0017(00006d56:.textf)
                                          0032(000005a1:.text)
                 _R_LCD_Stop
                                 00007350 0024(00000274:.text)
                                          0032(000005bd:.text)
                 _R_LCD_Voltage_On
                                 00007354 0011(00006750:.textf)
                                          0032(0000059d:.text)
                 _R_LCD_Voltage_Off
                                 00007385
0030 r_cg_lcd_user
0031 r_cg_intp
     SECTION=.textf
                 _R_INTC_Create
                                 00007393 0018(00007016:.textf)
                 _R_INTC0_Start
                                 000073cd 0017(00006920:.textf)
                 _R_INTC0_Stop
                                 000073d4
0032 r_cg_intp_user
     SECTION=.text
0033 r_cg_tau
     SECTION=.textf
                 _R_TAU0_Create
                                 000073db 0018(0000700e:.textf)
                 _R_TAU0_Channel0_Start
                                 000074b3
                 _R_TAU0_Channel0_Stop
                                 000074c3 0024(000003b1:.text)
                 _R_TAU0_Channel6_Start
                                 000074d3 0011(0000674c:.textf)
                                          0032(00000599:.text)
                 _R_TAU0_Channel6_Stop
                                 000074eb 0017(00006955:.textf)
                                          0024(00000363:.text)
                                          0032(000005b2:.text)
0034 r_cg_tau_user
     SECTION=.text
0035 memcmp
     SECTION=.SLIB
                 _memcmp
                                 0000095e 0011(00006510:.textf)
0036 rand
     SECTION=.SLIB
                 _rand
                                 00000970 0011(00006451:.textf)
                                          0011(00006457:.textf)
                                          0011(000064b6:.textf)
                                          0011(000064d2:.textf)
                                          0011(000064e6:.textf)
                 _srand
                                 000009a6
     SECTION=.data
     SECTION=.dataR
0037 memcpy
     SECTION=.RLIB
                 _memcpy
                                 000005d3 0001(0000320f:.textf)
                                          0001(000032e9:.textf)
                                          0001(0000330f:.textf)
                                          0001(0000332d:.textf)
                                          0001(000033fa:.textf)
                                          0001(00003430:.textf)
                                          0001(0000347e:.textf)
                                          0001(00003533:.textf)
                                          0001(000035a6:.textf)
                                          0001(00003653:.textf)
                                          0001(000036a4:.textf)
                                          0001(0000378d:.textf)
                                          0002(00003861:.textf)
                                          0002(000038bd:.textf)
                                          0002(00003974:.textf)
                                          0002(000039e5:.textf)
                                          0002(00003a4c:.textf)
                                          0002(00003bbb:.textf)
                                          0003(00003bef:.textf)
                                          0003(00003c31:.textf)
                                          0003(00003c40:.textf)
                                          0003(00003c76:.textf)
                                          0003(00003cbf:.textf)
                                          0003(00003cce:.textf)
                                          0003(00003d08:.textf)
                                          0003(00003d17:.textf)
                                          0003(00003d58:.textf)
                                          0003(00003da2:.textf)
                                          0004(00003eb5:.textf)
                                          0004(000040f7:.textf)
                                          0005(00004285:.textf)
                                          0005(00004365:.textf)
                                          0006(00004413:.textf)
                                          0006(0000443e:.textf)
                                          0006(0000451a:.textf)
                                          0006(000045d3:.textf)
                                          0006(000045eb:.textf)
                                          0006(00004605:.textf)
                                          0006(0000461d:.textf)
                                          0006(00004676:.textf)
                                          0006(000046e8:.textf)
                                          0006(00004777:.textf)
                                          0006(0000490c:.textf)
                                          0006(00004947:.textf)
                                          0006(00004973:.textf)
                                          0006(00004c94:.textf)
                                          0006(00004d09:.textf)
                                          0006(00004d46:.textf)
                                          0006(00004f1c:.textf)
                                          0010(00006048:.textf)
                                          0010(00006094:.textf)
                                          0010(000060b7:.textf)
                                          0010(000061c8:.textf)
                                          0010(000061e9:.textf)
                                          0010(00006206:.textf)
                                          0011(00006554:.textf)
                                          0011(00006607:.textf)
                                          0011(00006634:.textf)
                                          0011(0000669d:.textf)
                                          0011(000066c0:.textf)
                                          0011(000066d7:.textf)
                                          0011(000066ee:.textf)
                                          0017(00006d63:.textf)
                                          0017(00006d70:.textf)
                                          0017(00006d7d:.textf)
                                          0017(00006d8a:.textf)
                                          0017(00006d9a:.textf)
                                          0017(00006dad:.textf)
                                          0017(00006dba:.textf)
                                          0017(00006dc8:.textf)
                                          0017(00006e21:.textf)
                                          0017(00006e35:.textf)
                                          0017(00006e49:.textf)
                                          0017(00006e5d:.textf)
0038 memset
     SECTION=.RLIB
                 _memset
                                 000005e3 0005(00004133:.textf)
                                          0005(0000413e:.textf)
                                          0005(00004149:.textf)
                                          0005(00004154:.textf)
                                          0005(0000415f:.textf)
                                          0005(0000416a:.textf)
                                          0005(00004175:.textf)
                                          0005(00004254:.textf)
                                          0005(000042e8:.textf)
                                          0006(000047c4:.textf)
                                          0010(00005f5e:.textf)
                                          0011(00006321:.textf)
                                          0011(0000632c:.textf)
                                          0011(00006337:.textf)
                                          0011(00006342:.textf)
                                          0011(00006643:.textf)
                                          0011(0000664e:.textf)
                                          0011(00006659:.textf)
0039 _COM_fdiv
     SECTION=.RLIB
                 __COM_fdiv
                                 00000650 0017(00006a8d:.textf)
                                          0017(00006afd:.textf)
                                          0017(00006b1d:.textf)
                                          0017(00006b5d:.textf)
                                          0017(00006bcd:.textf)
                                          0017(00006bed:.textf)
0040 _COM_fge
     SECTION=.RLIB
                 __COM_fge
                                 0000071f 0017(00006ab3:.textf)
                                          0017(00006b83:.textf)
0041 _COM_fmul
     SECTION=.RLIB
                 __COM_fmul
                                 00000780 0017(00006a7f:.textf)
                                          0017(00006aed:.textf)
                                          0017(00006b0d:.textf)
                                          0017(00006b4f:.textf)
                                          0017(00006bbd:.textf)
                                          0017(00006bdd:.textf)
0042 _COM_ftoul
     SECTION=.RLIB
                 __COM_ftoul
                                 00000822 0017(00006b23:.textf)
                                          0017(00006bf3:.textf)
0043 _COM_funordered
     SECTION=.RLIB
                 __COM_funordered
                                 0000082e 0017(00006aa0:.textf)
                                          0017(00006b70:.textf)
0044 _COM_ultof
     SECTION=.RLIB
                 __COM_ultof
                                 00000839 0017(00006a51:.textf)
                                          0017(00006a73:.textf)
                                          0017(00006ae1:.textf)
                                          0017(00006b43:.textf)
                                          0017(00006bb1:.textf)
0045 _REL_fcmp
     SECTION=.RLIB
                 __REL_fcmp
                                 0000083f 0040(00000729:.RLIB)
0046 _REL_fordered_core
     SECTION=.RLIB
                 __REL_fordered_core
                                 00000877 0040(00000722:.RLIB)
                                          0043(00000831:.RLIB)
0047 _REL_ftol
     SECTION=.RLIB
                 __REL_ftol
                                 00000893 0042(00000828:.RLIB)
0048 _REL_f_inf
     SECTION=.RLIB
                 __REL_f_inf
                                 000008c8 0039(0000063a:.RLIB)
                                          0039(000006da:.RLIB)
                                          0041(00000752:.RLIB)
                                          0041(000007f5:.RLIB)
0049 _REL_f_norm
     SECTION=.RLIB
                 __REL_f_norm
                                 000008d0 0039(0000061b:.RLIB)
                                          0039(00000646:.RLIB)
                                          0041(00000773:.RLIB)
0050 _REL_f_round
     SECTION=.RLIB
                 __REL_f_round
                                 000008e0 0039(0000071c:.RLIB)
                                          0041(00000802:.RLIB)
0051 _REL_ltof
     SECTION=.RLIB
                 __REL_ltof
                                 000008f3 0044(0000083c:.RLIB)
0052 _COM_lshr
     SECTION=.RLIB
                 __COM_lshr
                                 00000947 0047(000008bf:.RLIB)
0053 rlink_generates_01
     SECTION=.option_byte
0054 rlink_generates_02
     SECTION=.monitor1
     SECTION=.monitor2
0055 rlink_generates_03
     SECTION=.security_id
0056 rlink_generates_04
     SECTION=.vect0
     SECTION=.vect2
     SECTION=.vect8
     SECTION=.vect30
     SECTION=.vect32
     SECTION=.vect34
     SECTION=.vect56
     SECTION=.vect60
     SECTION=.vect86
0057 rlink_generates_05
     SECTION=
                 __s.vect0
                                 00000000
                 __s.constf
                                 00000002
                 __e.constf
                                 00000002
                 __s.sdata
                                 00000002
                 __e.sdata
                                 00000002
                 __e.vect0
                                 00000002
                 __s.vect2
                                 00000002
                 __e.vect2
                                 00000004
                 __s.vect8
                                 00000008
                 __e.vect8
                                 0000000a
                 __s.vect30
                                 0000001e
                 __e.vect30
                                 00000020
                 __s.vect32
                                 00000020
                 __e.vect32
                                 00000022
                 __s.vect34
                                 00000022
                 __e.vect34
                                 00000024
                 __s.vect56
                                 00000038
                 __e.vect56
                                 0000003a
                 __s.vect60
                                 0000003c
                 __e.vect60
                                 0000003e
                 __s.vect86
                                 00000056
                 __e.vect86
                                 00000058
                 __s.option_byte
                                 000000c0
                 __e.option_byte
                                 000000c4
                 __s.security_id
                                 000000c4
                 __s.monitor1
                                 000000ce
                 __e.security_id
                                 000000ce
                 __s.data
                                 000000d8
                 __e.monitor1
                                 000000d8
                 __e.data
                                 000001fe
                 __s.text
                                 000001fe
                 __e.text
                                 000005d3
                 __s.RLIB
                                 000005d3
                 __e.RLIB
                                 0000095e
                 __s.SLIB
                                 0000095e
                 __e.SLIB
                                 000009ae
                 __s.const
                                 00003000
                 __s.textf
                                 00003198
                 __e.const
                                 00003198
                 __e.textf
                                 00007503
                 __s.monitor2
                                 00017e00
                 __e.monitor2
                                 00018000
                 __s.bss
                                 000fe900
                 __RAM_ADDR_START
                                 000fe900
                 __e.bss
                                 000ffb04
                 __s.dataR
                                 000ffb04
                 __e.dataR
                                 000ffc2a
                 __STACK_ADDR_END
                                 000ffc2a
                 __s.sbss
                                 000ffe20
                 __e.sbss
                                 000ffe20
                 __s.sdataR
                                 000ffe20
                 __e.sdataR
                                 000ffe20
                 __STACK_ADDR_START
                                 000ffe20 0015(00000200:.text)
                 __RAM_ADDR_END
                                 000ffee0
